// Jest Snapshot v1, https://goo.gl/fbAQLP

exports[`Should match App snapshot 1`] = `
Array [
  <div
    className="header"
  >
    <div
      className="topicBox"
    >
      <img
        alt="man"
        className="man"
        src="man.png"
      />
      <h1
        className="topic"
      >
        Math Magician
      </h1>
    </div>
    <nav
      className="navBox"
    >
      <ul
        className="nav"
      >
        <li>
          <a
            href="/"
            onClick={[Function]}
          >
            Home
          </a>
        </li>
        <span
          className="divider"
        >
          |
        </span>
        <li>
          <a
            href="/Calculator"
            onClick={[Function]}
          >
            Calculator
          </a>
        </li>
        <span
          className="divider"
        >
          |
        </span>
        <li>
          <a
            href="/Quote"
            onClick={[Function]}
          >
            Quote
          </a>
        </li>
      </ul>
    </nav>
  </div>,
  <div
    className="homeBox"
  >
    <h2>
      Welcome to our page!
    </h2>
    <p>
      Mathematics is one of the most fundamental and practical sciences, and it plays an essential role in everyday life. In particular, arithmetic is an essential branch of mathematics that involves fundamental operations like addition, subtraction, multiplication, and division. Arithmetic is ubiquitous in everyday life, from counting money and calculating bills to solving real-world problems. One of the most common tools for arithmetic calculations is the calculator, a device that has become an integral part of our daily routines.
    </p>
    <p>
      With the advent of technology and the internet, calculators are no longer limited to physical devices but can now be accessed on computers and mobile devices through web applications. Math Magician is one such web application that offers a range of arithmetic calculations to users. It is designed to be user-friendly and accessible to people of all ages and levels of mathematical ability. Math Magician offers a simple yet powerful calculator that can perform basic arithmetic calculations, making it an ideal tool for students, teachers, and professionals alike. Whether you need to quickly calculate a tip or split a bill, Math Magician is the go-to tool for all your arithmetic needs.
    </p>
  </div>,
]
`;
